<html>
<body>
<pre>
<h1>礦ision Build Log</h1>
<h2>Tool Versions:</h2>
IDE-Version: μVision V5.35.0.0
Copyright (C) 2021 ARM Ltd and ARM Germany GmbH. All rights reserved.
License Information: 1 dell, 1, LIC=RC93N-YUZP1-QDSKD-85K0P-61JVU-EDP43
 
Tool Versions:
Toolchain:       MDK-ARM Plus  Version: 5.35.0.2
Toolchain Path:  D:\Keil_v5\ARM\ARMCLANG\Bin
C Compiler:      ArmClang.exe V6.16
Assembler:       Armasm.exe V6.16
Linker/Locator:  ArmLink.exe V6.16
Library Manager: ArmAr.exe V6.16
Hex Converter:   FromElf.exe V6.16
CPU DLL:         SARMCM3.DLL V5.35.0.2
Dialog DLL:      DARMCM1.DLL V1.19.4.0
Target DLL:      Segger\JL2CM3.dll V2.80.0.0
Dialog DLL:      TARMCM1.DLL V1.14.4.0
 
<h2>Project:</h2>
D:\qiyanglin\隔空\Task\EVB底板增加接收验证\PY32F0xx_Firmware-tools_evb\Projects\PY32F003-STK\Example\USART\uart_adapter\MDK-ARM\Project.uvprojx
Project File Date:  03/20/2025

<h2>Output:</h2>
*** Using Compiler 'V6.16', folder: 'D:\Keil_v5\ARM\ARMCLANG\Bin'
Rebuild target 'AT2410'
compiling py32f0xx_hal_msp.c...
assembling startup_py32f003xx.s...
compiling py32f0xx_hal.c...
compiling py32f0xx_hal_dma.c...
compiling py32f0xx_it.c...
compiling system_py32f0xx.c...
compiling py32f003xx_Start_Kit.c...
compiling py32f0xx_hal_rcc_ex.c...
compiling main.c...
compiling py32f0xx_hal_pwr.c...
compiling py32f0xx_hal_gpio.c...
compiling py32f0xx_hal_rcc.c...
compiling py32f0xx_hal_flash.c...
compiling py32f0xx_hal_cortex.c...
compiling py32f0xx_hal_uart.c...
linking...
Program Size: Code=3664 RO-data=320 RW-data=204 ZI-data=1724  
FromELF: creating hex file...
".\Output\Debug\Project.axf" - 0 Error(s), 0 Warning(s).

<h2>Software Packages used:</h2>

Package Vendor: ARM
                http://www.keil.com/pack/ARM.CMSIS.5.9.0.pack
                ARM.CMSIS.5.9.0
                CMSIS (Common Microcontroller Software Interface Standard)
   * Component: CORE Version: 5.6.0

Package Vendor: Puya
                https://www.puyasemi.com/uploadfiles/Puya.PY32F0xx_DFP.1.2.2.pack
                Puya.PY32F0xx_DFP.1.2.2
                Puya PY32F0 Series Device Support

<h2>Collection of Component include folders:</h2>
  .\RTE\_AT2410
  D:\Users\dell\AppData\Local\Arm\Packs\ARM\CMSIS\5.9.0\CMSIS\Core\Include
  D:\Users\dell\AppData\Local\Arm\Packs\Puya\PY32F0xx_DFP\1.2.2\Drivers\CMSIS\Device\PY32F0xx\Include

<h2>Collection of Component Files used:</h2>

   * Component: ARM::CMSIS:CORE:5.6.0
Build Time Elapsed:  00:00:01
</pre>
</body>
</html>
